version https://git-lfs.github.com/spec/v1
oid sha256:31a75d205ca1d89c9dba5bf634282676291be19e6cfa222556964a228f3e3ad0
size 665
